--------------------------------------------------------------------------------
Release 14.7 Trace  (nt64)
Copyright (c) 1995-2013 Xilinx, Inc.  All rights reserved.

C:\Xilinx\14.7\ISE_DS\ISE\bin\nt64\unwrapped\trce.exe -intstyle ise -v 3 -s 3
-n 3 -fastpaths -xml total_link.twx total_link.ncd -o total_link.twr
total_link.pcf -ucf total_link.ucf

Design file:              total_link.ncd
Physical constraint file: total_link.pcf
Device,package,speed:     xc6slx9,tqg144,C,-3 (PRODUCTION 1.23 2013-10-13)
Report level:             verbose report

Environment Variable      Effect 
--------------------      ------ 
NONE                      No environment variables were set
--------------------------------------------------------------------------------

INFO:Timing:2698 - No timing constraints found, doing default enumeration.
INFO:Timing:3412 - To improve timing, see the Timing Closure User Guide (UG612).
INFO:Timing:2752 - To get complete path coverage, use the unconstrained paths 
   option. All paths that are not constrained will be reported in the 
   unconstrained paths section(s) of the report.
INFO:Timing:3339 - The clock-to-out numbers in this timing report are based on 
   a 50 Ohm transmission line loading model.  For the details of this model, 
   and for more information on accounting for different loading conditions, 
   please see the device datasheet.



Data Sheet report:
-----------------
All values displayed in nanoseconds (ns)

Setup/Hold to clock clk
------------+------------+------------+------------+------------+------------------+--------+
            |Max Setup to|  Process   |Max Hold to |  Process   |                  | Clock  |
Source      | clk (edge) |   Corner   | clk (edge) |   Corner   |Internal Clock(s) | Phase  |
------------+------------+------------+------------+------------+------------------+--------+
Dout<0>     |    1.583(R)|      SLOW  |   -0.671(R)|      SLOW  |clk_BUFGP         |   0.000|
Dout<1>     |    1.747(R)|      SLOW  |   -0.827(R)|      SLOW  |clk_BUFGP         |   0.000|
Dout<2>     |    1.781(R)|      SLOW  |   -0.857(R)|      SLOW  |clk_BUFGP         |   0.000|
Dout<3>     |    2.792(R)|      SLOW  |   -1.485(R)|      FAST  |clk_BUFGP         |   0.000|
Dout<4>     |    0.788(R)|      SLOW  |    0.100(R)|      SLOW  |clk_BUFGP         |   0.000|
Dout<5>     |    0.569(R)|      SLOW  |    0.305(R)|      SLOW  |clk_BUFGP         |   0.000|
Dout<6>     |    0.586(R)|      SLOW  |    0.287(R)|      SLOW  |clk_BUFGP         |   0.000|
Dout<7>     |    0.626(R)|      SLOW  |    0.253(R)|      SLOW  |clk_BUFGP         |   0.000|
Dout<8>     |    2.581(R)|      SLOW  |   -1.326(R)|      FAST  |clk_BUFGP         |   0.000|
Dout<9>     |    2.559(R)|      SLOW  |   -1.330(R)|      FAST  |clk_BUFGP         |   0.000|
Dout<10>    |    2.811(R)|      SLOW  |   -1.509(R)|      FAST  |clk_BUFGP         |   0.000|
Dout<11>    |    2.538(R)|      SLOW  |   -1.316(R)|      FAST  |clk_BUFGP         |   0.000|
Dout<12>    |    1.562(R)|      SLOW  |   -0.631(R)|      FAST  |clk_BUFGP         |   0.000|
Dout<13>    |    1.870(R)|      SLOW  |   -0.800(R)|      FAST  |clk_BUFGP         |   0.000|
Dout<14>    |    1.498(R)|      SLOW  |   -0.590(R)|      SLOW  |clk_BUFGP         |   0.000|
Dout<15>    |    1.666(R)|      SLOW  |   -0.705(R)|      FAST  |clk_BUFGP         |   0.000|
cpu_mosi    |    0.607(R)|      SLOW  |    0.266(R)|      SLOW  |clk_BUFGP         |   0.000|
cpu_sclk    |    2.215(R)|      SLOW  |   -0.052(R)|      SLOW  |clk_BUFGP         |   0.000|
si4463_irq  |    4.180(R)|      SLOW  |   -1.507(R)|      FAST  |clk_BUFGP         |   0.000|
si4463_miso |    0.989(R)|      SLOW  |   -0.097(R)|      SLOW  |clk_BUFGP         |   0.000|
------------+------------+------------+------------+------------+------------------+--------+

Clock clk to Pad
--------------------+-----------------+------------+-----------------+------------+------------------+--------+
                    |Max (slowest) clk|  Process   |Min (fastest) clk|  Process   |                  | Clock  |
Destination         |  (edge) to PAD  |   Corner   |  (edge) to PAD  |   Corner   |Internal Clock(s) | Phase  |
--------------------+-----------------+------------+-----------------+------------+------------------+--------+
Dout<0>             |         9.694(R)|      SLOW  |         3.926(R)|      FAST  |clk_BUFGP         |   0.000|
Dout<1>             |        10.176(R)|      SLOW  |         4.501(R)|      FAST  |clk_BUFGP         |   0.000|
Dout<2>             |        10.167(R)|      SLOW  |         4.165(R)|      FAST  |clk_BUFGP         |   0.000|
Dout<3>             |        11.015(R)|      SLOW  |         4.683(R)|      FAST  |clk_BUFGP         |   0.000|
Dout<4>             |         8.167(R)|      SLOW  |         3.550(R)|      FAST  |clk_BUFGP         |   0.000|
Dout<5>             |         7.816(R)|      SLOW  |         3.589(R)|      FAST  |clk_BUFGP         |   0.000|
Dout<6>             |         7.816(R)|      SLOW  |         3.630(R)|      FAST  |clk_BUFGP         |   0.000|
Dout<7>             |         7.739(R)|      SLOW  |         3.617(R)|      FAST  |clk_BUFGP         |   0.000|
Dout<8>             |         9.786(R)|      SLOW  |         4.599(R)|      FAST  |clk_BUFGP         |   0.000|
Dout<9>             |         9.794(R)|      SLOW  |         4.703(R)|      FAST  |clk_BUFGP         |   0.000|
Dout<10>            |         9.723(R)|      SLOW  |         5.083(R)|      FAST  |clk_BUFGP         |   0.000|
Dout<11>            |         9.898(R)|      SLOW  |         4.545(R)|      FAST  |clk_BUFGP         |   0.000|
Dout<12>            |         8.002(R)|      SLOW  |         4.112(R)|      FAST  |clk_BUFGP         |   0.000|
Dout<13>            |         8.119(R)|      SLOW  |         4.009(R)|      FAST  |clk_BUFGP         |   0.000|
Dout<14>            |         8.480(R)|      SLOW  |         4.112(R)|      FAST  |clk_BUFGP         |   0.000|
Dout<15>            |         8.460(R)|      SLOW  |         4.009(R)|      FAST  |clk_BUFGP         |   0.000|
OE_n                |         6.893(R)|      SLOW  |         3.510(R)|      FAST  |clk_BUFGP         |   0.000|
Spi_Current_State<0>|         7.345(R)|      SLOW  |         3.802(R)|      FAST  |clk_BUFGP         |   0.000|
Spi_Current_State<1>|         7.388(R)|      SLOW  |         3.875(R)|      FAST  |clk_BUFGP         |   0.000|
Spi_Current_State<2>|         8.053(R)|      SLOW  |         4.314(R)|      FAST  |clk_BUFGP         |   0.000|
Spi_Current_State<3>|         7.999(R)|      SLOW  |         4.317(R)|      FAST  |clk_BUFGP         |   0.000|
Spi_Current_State<4>|         7.698(R)|      SLOW  |         4.045(R)|      FAST  |clk_BUFGP         |   0.000|
Spi_Current_State<5>|         7.577(R)|      SLOW  |         4.006(R)|      FAST  |clk_BUFGP         |   0.000|
Spi_Current_State<6>|         7.379(R)|      SLOW  |         3.864(R)|      FAST  |clk_BUFGP         |   0.000|
Spi_Current_State<7>|         7.249(R)|      SLOW  |         3.751(R)|      FAST  |clk_BUFGP         |   0.000|
WE_n                |         7.890(R)|      SLOW  |         4.135(R)|      FAST  |clk_BUFGP         |   0.000|
cpu_irq             |         7.977(R)|      SLOW  |         4.237(R)|      FAST  |clk_BUFGP         |   0.000|
cpu_miso            |         7.612(R)|      SLOW  |         3.964(R)|      FAST  |clk_BUFGP         |   0.000|
led<0>              |         7.500(R)|      SLOW  |         3.958(R)|      FAST  |clk_BUFGP         |   0.000|
led<1>              |         7.041(R)|      SLOW  |         3.596(R)|      FAST  |clk_BUFGP         |   0.000|
led<2>              |         7.225(R)|      SLOW  |         3.718(R)|      FAST  |clk_BUFGP         |   0.000|
led<3>              |         8.240(R)|      SLOW  |         4.383(R)|      FAST  |clk_BUFGP         |   0.000|
si4463_mosi         |         7.248(R)|      SLOW  |         3.703(R)|      FAST  |clk_BUFGP         |   0.000|
si4463_reset        |         9.827(R)|      SLOW  |         5.364(R)|      FAST  |clk_BUFGP         |   0.000|
si4463_sclk         |         7.228(R)|      SLOW  |         3.687(R)|      FAST  |clk_BUFGP         |   0.000|
si4463_ss_n         |        10.796(R)|      SLOW  |         5.330(R)|      FAST  |clk_BUFGP         |   0.000|
sram_mem_addr<0>    |         8.415(R)|      SLOW  |         4.453(R)|      FAST  |clk_BUFGP         |   0.000|
sram_mem_addr<1>    |         8.051(R)|      SLOW  |         4.223(R)|      FAST  |clk_BUFGP         |   0.000|
sram_mem_addr<2>    |         8.119(R)|      SLOW  |         4.283(R)|      FAST  |clk_BUFGP         |   0.000|
sram_mem_addr<3>    |         8.264(R)|      SLOW  |         4.349(R)|      FAST  |clk_BUFGP         |   0.000|
sram_mem_addr<4>    |         7.998(R)|      SLOW  |         4.189(R)|      FAST  |clk_BUFGP         |   0.000|
sram_mem_addr<5>    |         8.417(R)|      SLOW  |         4.453(R)|      FAST  |clk_BUFGP         |   0.000|
sram_mem_addr<6>    |         8.150(R)|      SLOW  |         4.314(R)|      FAST  |clk_BUFGP         |   0.000|
sram_mem_addr<7>    |         7.617(R)|      SLOW  |         3.961(R)|      FAST  |clk_BUFGP         |   0.000|
sram_mem_addr<8>    |         8.465(R)|      SLOW  |         4.542(R)|      FAST  |clk_BUFGP         |   0.000|
sram_mem_addr<9>    |         8.628(R)|      SLOW  |         4.641(R)|      FAST  |clk_BUFGP         |   0.000|
sram_mem_addr<10>   |         8.427(R)|      SLOW  |         4.509(R)|      FAST  |clk_BUFGP         |   0.000|
sram_mem_addr<11>   |         8.351(R)|      SLOW  |         4.455(R)|      FAST  |clk_BUFGP         |   0.000|
sram_mem_addr<12>   |         8.517(R)|      SLOW  |         4.594(R)|      FAST  |clk_BUFGP         |   0.000|
--------------------+-----------------+------------+-----------------+------------+------------------+--------+

Clock to Setup on destination clock clk
---------------+---------+---------+---------+---------+
               | Src:Rise| Src:Fall| Src:Rise| Src:Fall|
Source Clock   |Dest:Rise|Dest:Rise|Dest:Fall|Dest:Fall|
---------------+---------+---------+---------+---------+
clk            |    7.223|         |         |         |
---------------+---------+---------+---------+---------+


Analysis completed Thu Apr 14 10:47:03 2016 
--------------------------------------------------------------------------------

Trace Settings:
-------------------------
Trace Settings 

Peak Memory Usage: 237 MB



