--------------------------------------------------------------------------------
Release 14.7 Trace  (nt64)
Copyright (c) 1995-2013 Xilinx, Inc.  All rights reserved.

C:\Xilinx\14.7\ISE_DS\ISE\bin\nt64\unwrapped\trce.exe -intstyle ise -v 3 -s 3
-n 3 -fastpaths -xml total_link.twx total_link.ncd -o total_link.twr
total_link.pcf -ucf total_link.ucf

Design file:              total_link.ncd
Physical constraint file: total_link.pcf
Device,package,speed:     xc6slx9,tqg144,C,-3 (PRODUCTION 1.23 2013-10-13)
Report level:             verbose report

Environment Variable      Effect 
--------------------      ------ 
NONE                      No environment variables were set
--------------------------------------------------------------------------------

INFO:Timing:2698 - No timing constraints found, doing default enumeration.
INFO:Timing:3412 - To improve timing, see the Timing Closure User Guide (UG612).
INFO:Timing:2752 - To get complete path coverage, use the unconstrained paths 
   option. All paths that are not constrained will be reported in the 
   unconstrained paths section(s) of the report.
INFO:Timing:3339 - The clock-to-out numbers in this timing report are based on 
   a 50 Ohm transmission line loading model.  For the details of this model, 
   and for more information on accounting for different loading conditions, 
   please see the device datasheet.



Data Sheet report:
-----------------
All values displayed in nanoseconds (ns)

Setup/Hold to clock clk
------------+------------+------------+------------+------------+------------------+--------+
            |Max Setup to|  Process   |Max Hold to |  Process   |                  | Clock  |
Source      | clk (edge) |   Corner   | clk (edge) |   Corner   |Internal Clock(s) | Phase  |
------------+------------+------------+------------+------------+------------------+--------+
Dout<0>     |    0.875(R)|      SLOW  |    0.009(R)|      SLOW  |clk_BUFGP         |   0.000|
Dout<1>     |    1.062(R)|      SLOW  |   -0.170(R)|      SLOW  |clk_BUFGP         |   0.000|
Dout<2>     |    0.941(R)|      SLOW  |   -0.055(R)|      SLOW  |clk_BUFGP         |   0.000|
Dout<3>     |    1.481(R)|      SLOW  |   -0.561(R)|      SLOW  |clk_BUFGP         |   0.000|
Dout<4>     |    1.047(R)|      SLOW  |   -0.150(R)|      SLOW  |clk_BUFGP         |   0.000|
Dout<5>     |    1.341(R)|      SLOW  |   -0.430(R)|      SLOW  |clk_BUFGP         |   0.000|
Dout<6>     |    0.969(R)|      SLOW  |   -0.077(R)|      SLOW  |clk_BUFGP         |   0.000|
Dout<7>     |    1.043(R)|      SLOW  |   -0.146(R)|      SLOW  |clk_BUFGP         |   0.000|
Dout<8>     |    1.071(R)|      SLOW  |   -0.193(R)|      SLOW  |clk_BUFGP         |   0.000|
Dout<9>     |    1.750(R)|      SLOW  |   -0.852(R)|      SLOW  |clk_BUFGP         |   0.000|
Dout<10>    |    1.405(R)|      SLOW  |   -0.511(R)|      SLOW  |clk_BUFGP         |   0.000|
Dout<11>    |    1.367(R)|      SLOW  |   -0.478(R)|      SLOW  |clk_BUFGP         |   0.000|
Dout<12>    |    3.000(R)|      SLOW  |   -1.588(R)|      FAST  |clk_BUFGP         |   0.000|
Dout<13>    |    2.679(R)|      SLOW  |   -1.369(R)|      FAST  |clk_BUFGP         |   0.000|
Dout<14>    |    2.816(R)|      SLOW  |   -1.453(R)|      FAST  |clk_BUFGP         |   0.000|
Dout<15>    |    2.608(R)|      SLOW  |   -1.330(R)|      FAST  |clk_BUFGP         |   0.000|
cpu_mosi    |    1.218(R)|      SLOW  |   -0.310(R)|      SLOW  |clk_BUFGP         |   0.000|
cpu_sclk    |    1.366(R)|      SLOW  |   -0.454(R)|      FAST  |clk_BUFGP         |   0.000|
si4463_irq  |    5.136(R)|      SLOW  |   -1.382(R)|      FAST  |clk_BUFGP         |   0.000|
si4463_miso |    2.288(R)|      SLOW  |   -1.106(R)|      FAST  |clk_BUFGP         |   0.000|
------------+------------+------------+------------+------------+------------------+--------+

Clock clk to Pad
--------------------+-----------------+------------+-----------------+------------+------------------+--------+
                    |Max (slowest) clk|  Process   |Min (fastest) clk|  Process   |                  | Clock  |
Destination         |  (edge) to PAD  |   Corner   |  (edge) to PAD  |   Corner   |Internal Clock(s) | Phase  |
--------------------+-----------------+------------+-----------------+------------+------------------+--------+
Dout<0>             |        10.083(R)|      SLOW  |         3.868(R)|      FAST  |clk_BUFGP         |   0.000|
Dout<1>             |        10.541(R)|      SLOW  |         4.825(R)|      FAST  |clk_BUFGP         |   0.000|
Dout<2>             |        10.556(R)|      SLOW  |         3.903(R)|      FAST  |clk_BUFGP         |   0.000|
Dout<3>             |        11.404(R)|      SLOW  |         4.445(R)|      FAST  |clk_BUFGP         |   0.000|
Dout<4>             |         8.556(R)|      SLOW  |         3.874(R)|      FAST  |clk_BUFGP         |   0.000|
Dout<5>             |         8.204(R)|      SLOW  |         4.035(R)|      FAST  |clk_BUFGP         |   0.000|
Dout<6>             |         8.181(R)|      SLOW  |         4.023(R)|      FAST  |clk_BUFGP         |   0.000|
Dout<7>             |         7.819(R)|      SLOW  |         4.001(R)|      FAST  |clk_BUFGP         |   0.000|
Dout<8>             |        10.386(R)|      SLOW  |         4.530(R)|      FAST  |clk_BUFGP         |   0.000|
Dout<9>             |        10.597(R)|      SLOW  |         4.468(R)|      FAST  |clk_BUFGP         |   0.000|
Dout<10>            |        10.409(R)|      SLOW  |         4.685(R)|      FAST  |clk_BUFGP         |   0.000|
Dout<11>            |        10.597(R)|      SLOW  |         4.425(R)|      FAST  |clk_BUFGP         |   0.000|
Dout<12>            |         8.869(R)|      SLOW  |         4.132(R)|      FAST  |clk_BUFGP         |   0.000|
Dout<13>            |         8.651(R)|      SLOW  |         4.003(R)|      FAST  |clk_BUFGP         |   0.000|
Dout<14>            |         9.064(R)|      SLOW  |         4.045(R)|      FAST  |clk_BUFGP         |   0.000|
Dout<15>            |         8.911(R)|      SLOW  |         4.068(R)|      FAST  |clk_BUFGP         |   0.000|
OE_n                |         6.610(R)|      SLOW  |         3.315(R)|      FAST  |clk_BUFGP         |   0.000|
Spi_Current_State<0>|         8.762(R)|      SLOW  |         4.668(R)|      FAST  |clk_BUFGP         |   0.000|
Spi_Current_State<1>|         8.672(R)|      SLOW  |         4.645(R)|      FAST  |clk_BUFGP         |   0.000|
Spi_Current_State<2>|         9.075(R)|      SLOW  |         4.928(R)|      FAST  |clk_BUFGP         |   0.000|
Spi_Current_State<3>|         8.748(R)|      SLOW  |         4.746(R)|      FAST  |clk_BUFGP         |   0.000|
Spi_Current_State<4>|         8.336(R)|      SLOW  |         4.448(R)|      FAST  |clk_BUFGP         |   0.000|
Spi_Current_State<5>|         7.900(R)|      SLOW  |         4.099(R)|      FAST  |clk_BUFGP         |   0.000|
Spi_Current_State<6>|         7.848(R)|      SLOW  |         4.108(R)|      FAST  |clk_BUFGP         |   0.000|
WE_n                |         7.718(R)|      SLOW  |         4.006(R)|      FAST  |clk_BUFGP         |   0.000|
cpu_irq             |         7.177(R)|      SLOW  |         3.687(R)|      FAST  |clk_BUFGP         |   0.000|
led<0>              |         7.552(R)|      SLOW  |         3.990(R)|      FAST  |clk_BUFGP         |   0.000|
led<1>              |         6.932(R)|      SLOW  |         3.531(R)|      FAST  |clk_BUFGP         |   0.000|
led<2>              |         7.351(R)|      SLOW  |         3.815(R)|      FAST  |clk_BUFGP         |   0.000|
led<3>              |         7.537(R)|      SLOW  |         3.963(R)|      FAST  |clk_BUFGP         |   0.000|
si4463_mosi         |         8.498(R)|      SLOW  |         4.428(R)|      FAST  |clk_BUFGP         |   0.000|
si4463_reset        |         8.480(R)|      SLOW  |         4.577(R)|      FAST  |clk_BUFGP         |   0.000|
si4463_sclk         |         8.473(R)|      SLOW  |         4.457(R)|      FAST  |clk_BUFGP         |   0.000|
si4463_ss_n         |         9.478(R)|      SLOW  |         4.785(R)|      FAST  |clk_BUFGP         |   0.000|
sram_mem_addr<0>    |         7.204(R)|      SLOW  |         3.693(R)|      FAST  |clk_BUFGP         |   0.000|
sram_mem_addr<1>    |         6.809(R)|      SLOW  |         3.429(R)|      FAST  |clk_BUFGP         |   0.000|
sram_mem_addr<2>    |         6.607(R)|      SLOW  |         3.312(R)|      FAST  |clk_BUFGP         |   0.000|
sram_mem_addr<3>    |         7.012(R)|      SLOW  |         3.555(R)|      FAST  |clk_BUFGP         |   0.000|
sram_mem_addr<4>    |         6.810(R)|      SLOW  |         3.418(R)|      FAST  |clk_BUFGP         |   0.000|
sram_mem_addr<5>    |         7.113(R)|      SLOW  |         3.651(R)|      FAST  |clk_BUFGP         |   0.000|
sram_mem_addr<6>    |         6.864(R)|      SLOW  |         3.467(R)|      FAST  |clk_BUFGP         |   0.000|
sram_mem_addr<7>    |         8.442(R)|      SLOW  |         4.426(R)|      FAST  |clk_BUFGP         |   0.000|
sram_mem_addr<8>    |         7.831(R)|      SLOW  |         4.150(R)|      FAST  |clk_BUFGP         |   0.000|
sram_mem_addr<9>    |         7.981(R)|      SLOW  |         4.252(R)|      FAST  |clk_BUFGP         |   0.000|
sram_mem_addr<10>   |         7.730(R)|      SLOW  |         4.068(R)|      FAST  |clk_BUFGP         |   0.000|
sram_mem_addr<11>   |         7.513(R)|      SLOW  |         3.920(R)|      FAST  |clk_BUFGP         |   0.000|
sram_mem_addr<12>   |         7.716(R)|      SLOW  |         4.058(R)|      FAST  |clk_BUFGP         |   0.000|
--------------------+-----------------+------------+-----------------+------------+------------------+--------+

Clock to Setup on destination clock clk
---------------+---------+---------+---------+---------+
               | Src:Rise| Src:Fall| Src:Rise| Src:Fall|
Source Clock   |Dest:Rise|Dest:Rise|Dest:Fall|Dest:Fall|
---------------+---------+---------+---------+---------+
clk            |    7.471|         |         |         |
---------------+---------+---------+---------+---------+


Analysis completed Fri Apr 15 10:27:20 2016 
--------------------------------------------------------------------------------

Trace Settings:
-------------------------
Trace Settings 

Peak Memory Usage: 236 MB



